##########################################################################
#
# dpkg-r.lst  
# 	defines a list of deb packages to be removed using 
# 	"dpkg -r" 	
#
 
#kernel-image-2.6.15-486-voyage
#pcmcia-cs

at
libbz2-1.0
bsdmainutils
groff-base
ed
fdutils
info
libident
libpcre3
#logrotate
libtext-charwidth-perl
libtext-iconv-perl
libtext-wrapi18n-perl
libtasn1-3
mailx
man-db
manpages
nano
nvi
syslinux
exim4
exim4-base
exim4-config
exim4-daemon-light
debconf-i18n
aptitude
tasksel
base-config
psmisc
liblocale-gettext-perl
debconf-i18n
libsigc++-1.2-5c102
console-data
console-tools
console-common
ipchains
apt-utils
libgcrypt11
libopencdk8
libgnutls11
liblzo1
liblockfile1
libgdbm3
libgpg-error0
libtasn1-2
libtextwrap1
libconsole
libdb4.2

# new remove for etch
dhcp3-client
dhcp3-common
dmidecode
laptop-detect
dselect
gcc-4.0-base
telnet
libnewt0.51
libnewt0.52
libsigc++-2.0-0c2a
libusb-0.1-4
hostname
setserial

libldap-2.3-0
liblzo2-2
libdb4.4
gettext-base
libncursesw5
modutils
netcat

# new remove for etch : may have problem
#hostname
#setserial


# potential remove need : Yes, do as I say!
#ncurses-base 
#bsdutils
